../Core/Src/main.c:48:6:lcd_write	16	static
../Core/Src/main.c:60:6:lcd_WriteCommand	56	static
../Core/Src/main.c:68:6:lcd_WriteData	56	static
../Core/Src/main.c:80:6:init_lcd_gpio	32	static
../Core/Src/main.c:103:6:lcd_WriteString	64	static
../Core/Src/main.c:112:5:main	144	static
../Core/Src/main.c:174:6:SystemClock_Config	88	static
../Core/Src/main.c:222:13:MX_USART2_UART_Init	8	static
../Core/Src/main.c:255:13:MX_GPIO_Init	48	static
../Core/Src/main.c:295:6:Error_Handler	4	static,ignoring_inline_asm
