../Core/Src/main.c:51:6:lcd_write	16	static
../Core/Src/main.c:62:6:lcd_WriteCommand	56	static
../Core/Src/main.c:70:6:lcd_WriteData	56	static
../Core/Src/main.c:78:6:init_lcd_gpio	32	static
../Core/Src/main.c:101:6:lcd_WriteString	64	static
../Core/Src/main.c:110:6:int_to_string	16	static
../Core/Src/main.c:114:5:main	176	static
../Core/Src/main.c:207:6:SystemClock_Config	88	static
../Core/Src/main.c:255:13:MX_USART2_UART_Init	8	static
../Core/Src/main.c:288:13:MX_GPIO_Init	48	static
../Core/Src/main.c:328:6:Error_Handler	4	static,ignoring_inline_asm
